// Jest Snapshot v1, https://goo.gl/fbAQLP

exports[`Button renders correctly 1`] = `
<Button
  buttonContent="button test"
  classes={
    Object {
      "button": "Button-button-1",
    }
  }
  link="www.google.com"
/>
`;
