// Jest Snapshot v1, https://goo.gl/fbAQLP

exports[`TextInput renders correctly 1`] = `
<TextInput
  classes={
    Object {
      "inputContainer": "TextInput-inputContainer-1",
      "inputRoot": "TextInput-inputRoot-3",
      "textField": "TextInput-textField-2",
      "title": "TextInput-title-4",
    }
  }
  onChange={[MockFunction]}
  title="search"
  value=""
/>
`;
